==============================================================================
Suites                                                                        
==============================================================================
Suites.Test If Copy 6 :: Casos de Prueba CC-04-2019-AMTIF-OT04                
==============================================================================
CC010 TRAMITES-0T4 (TRAMITES 018 A)(CHROME DATOS FIRMA ELECTRONICA... | PASS |
------------------------------------------------------------------------------
Suites.Test If Copy 6 :: Casos de Prueba CC-04-2019-AMTIF-OT04        | PASS |
1 critical test, 1 passed, 0 failed
1 test total, 1 passed, 0 failed
==============================================================================
Suites                                                                | PASS |
1 critical test, 1 passed, 0 failed
1 test total, 1 passed, 0 failed
==============================================================================
Output:  C:\Test_detram\test\results\pabot_results\Suites.Test If Copy 6\output.xml
